---
version: 1
interactions:
- request:
    body: '{"region":"us-west","type":"g6-nanode-1","label":"linodego-test-instance","tags":["linodego-test"]}'
    form: {}
    headers:
      Accept:
      - application/json
      Authorization:
      - Bearer awesometokenawesometokenawesometoken
      Content-Type:
      - application/json
      User-Agent:
      - linodego 0.5.1 https://github.com/linode/linodego
    url: https://api.linode.com/v4/linode/instances
    method: POST
  response:
    body: '{"status": "provisioning", "watchdog_enabled": true, "specs": {"transfer":
      1000, "disk": 25600, "vcpus": 1, "memory": 1024}, "label": "linodego-test-instance",
      "created": "2018-01-02T03:04:05", "id": 10697741, "ipv4": ["010.020.030.040"],
      "type": "g6-nanode-1", "group": "", "image": null, "updated": "2018-01-02T03:04:05",
      "ipv6": "1234::5678/64", "backups": {"enabled": false, "schedule":
      {"day": null, "window": null}}, "tags": ["linodego-test"], "hypervisor": "kvm",
      "region": "us-west", "alerts": {"io": 10000, "transfer_quota": 80, "cpu": 90,
      "network_out": 10, "network_in": 10}}'
    headers:
      Access-Control-Allow-Credentials:
      - "true"
      Access-Control-Allow-Headers:
      - Authorization, Origin, X-Requested-With, Content-Type, Accept, X-Filter
      Access-Control-Allow-Methods:
      - HEAD, GET, OPTIONS, POST, PUT, DELETE
      Access-Control-Allow-Origin:
      - '*'
      Access-Control-Expose-Headers:
      - X-OAuth-Scopes, X-Accepted-OAuth-Scopes, X-Status
      Cache-Control:
      - private, max-age=60, s-maxage=60
      Connection:
      - keep-alive
      Content-Length:
      - "603"
      Content-Security-Policy:
      - default-src 'none'
      Content-Type:
      - application/json
      Date:
      - Fri, 05 Oct 2018 21:30:47 GMT
      Retry-After:
      - "118"
      Server:
      - nginx
      Strict-Transport-Security:
      - max-age=31536000
      Vary:
      - Authorization, X-Filter
      X-Accepted-Oauth-Scopes:
      - linodes:read_write
      X-Content-Type-Options:
      - nosniff
      - nosniff
      X-Frame-Options:
      - DENY
      - DENY
      X-Oauth-Scopes:
      - linodes:delete,domains:delete,nodebalancers:delete,images:delete,stackscripts:delete,longview:delete,events:delete,tokens:delete,clients:delete,account:delete,users:delete,tickets:delete
      X-Ratelimit-Limit:
      - "400"
      X-Ratelimit-Remaining:
      - "399"
      X-Ratelimit-Reset:
      - "1538775166"
      X-Spec-Version:
      - 4.0.6
      X-Xss-Protection:
      - 1; mode=block
    status: 200 OK
    code: 200
    duration: ""
- request:
    body: '{"label":"linodego-test-instance","backups":{"enabled":false,"Schedule":{}},"alerts":{"cpu":90,"io":10000,"network_in":10,"network_out":10,"transfer_quota":80},"watchdog_enabled":true,"tags":["linodego-test","linodego-test-bar"]}'
    form: {}
    headers:
      Accept:
      - application/json
      Authorization:
      - Bearer awesometokenawesometokenawesometoken
      Content-Type:
      - application/json
      User-Agent:
      - linodego 0.5.1 https://github.com/linode/linodego
    url: https://api.linode.com/v4/linode/instances/10697741
    method: PUT
  response:
    body: '{"hypervisor": "kvm", "updated": "2018-01-02T03:04:05", "group": "", "ipv6":
      "1234::5678/64", "ipv4": ["010.020.030.040"], "label": "linodego-test-instance",
      "region": "us-west", "alerts": {"cpu": 90, "network_out": 10, "transfer_quota":
      80, "network_in": 10, "io": 10000}, "watchdog_enabled": true, "backups": {"enabled":
      false, "schedule": {"day": null, "window": null}}, "id": 10697741, "specs":
      {"vcpus": 1, "transfer": 1000, "memory": 1024, "disk": 25600}, "created": "2018-01-02T03:04:05",
      "type": "g6-nanode-1", "status": "provisioning", "tags": ["linodego-test", "linodego-test-bar"],
      "image": null}'
    headers:
      Access-Control-Allow-Credentials:
      - "true"
      Access-Control-Allow-Headers:
      - Authorization, Origin, X-Requested-With, Content-Type, Accept, X-Filter
      Access-Control-Allow-Methods:
      - HEAD, GET, OPTIONS, POST, PUT, DELETE
      Access-Control-Allow-Origin:
      - '*'
      Access-Control-Expose-Headers:
      - X-OAuth-Scopes, X-Accepted-OAuth-Scopes, X-Status
      Cache-Control:
      - private, max-age=60, s-maxage=60
      Connection:
      - keep-alive
      Content-Length:
      - "624"
      Content-Security-Policy:
      - default-src 'none'
      Content-Type:
      - application/json
      Date:
      - Fri, 05 Oct 2018 21:30:48 GMT
      Retry-After:
      - "118"
      Server:
      - nginx
      Strict-Transport-Security:
      - max-age=31536000
      Vary:
      - Authorization, X-Filter
      X-Accepted-Oauth-Scopes:
      - linodes:read_write
      X-Content-Type-Options:
      - nosniff
      - nosniff
      X-Frame-Options:
      - DENY
      - DENY
      X-Oauth-Scopes:
      - linodes:delete,domains:delete,nodebalancers:delete,images:delete,stackscripts:delete,longview:delete,events:delete,tokens:delete,clients:delete,account:delete,users:delete,tickets:delete
      X-Ratelimit-Limit:
      - "400"
      X-Ratelimit-Remaining:
      - "399"
      X-Ratelimit-Reset:
      - "1538775167"
      X-Spec-Version:
      - 4.0.6
      X-Xss-Protection:
      - 1; mode=block
    status: 200 OK
    code: 200
    duration: ""
- request:
    body: '{"label":"linodego-test-foo"}'
    form: {}
    headers:
      Accept:
      - application/json
      Authorization:
      - Bearer awesometokenawesometokenawesometoken
      Content-Type:
      - application/json
      User-Agent:
      - linodego 0.5.1 https://github.com/linode/linodego
    url: https://api.linode.com/v4/tags
    method: POST
  response:
    body: '{"label": "linodego-test-foo"}'
    headers:
      Access-Control-Allow-Credentials:
      - "true"
      Access-Control-Allow-Headers:
      - Authorization, Origin, X-Requested-With, Content-Type, Accept, X-Filter
      Access-Control-Allow-Methods:
      - HEAD, GET, OPTIONS, POST, PUT, DELETE
      Access-Control-Allow-Origin:
      - '*'
      Access-Control-Expose-Headers:
      - X-OAuth-Scopes, X-Accepted-OAuth-Scopes, X-Status
      Cache-Control:
      - private, max-age=60, s-maxage=60
      Connection:
      - keep-alive
      Content-Length:
      - "30"
      Content-Security-Policy:
      - default-src 'none'
      Content-Type:
      - application/json
      Date:
      - Fri, 05 Oct 2018 21:30:48 GMT
      Retry-After:
      - "119"
      Server:
      - nginx
      Strict-Transport-Security:
      - max-age=31536000
      Vary:
      - Authorization, X-Filter
      X-Accepted-Oauth-Scopes:
      - account:read_write
      X-Content-Type-Options:
      - nosniff
      - nosniff
      X-Frame-Options:
      - DENY
      - DENY
      X-Oauth-Scopes:
      - linodes:delete,domains:delete,nodebalancers:delete,images:delete,stackscripts:delete,longview:delete,events:delete,tokens:delete,clients:delete,account:delete,users:delete,tickets:delete
      X-Ratelimit-Limit:
      - "400"
      X-Ratelimit-Remaining:
      - "399"
      X-Ratelimit-Reset:
      - "1538775168"
      X-Spec-Version:
      - 4.0.6
      X-Xss-Protection:
      - 1; mode=block
    status: 200 OK
    code: 200
    duration: ""
- request:
    body: ""
    form: {}
    headers:
      Accept:
      - application/json
      Authorization:
      - Bearer awesometokenawesometokenawesometoken
      Content-Type:
      - application/json
      User-Agent:
      - linodego 0.5.1 https://github.com/linode/linodego
    url: https://api.linode.com/v4/tags
    method: GET
  response:
    body: '{"results": 5, "page": 1, "data": [{"label": "foo-test"}, {"label": "linodego-test"},
      {"label": "linodego-test-bar"}, {"label": "linodego-test-foo"}, {"label": "linodego-test2"}],
      "pages": 1}'
    headers:
      Access-Control-Allow-Credentials:
      - "true"
      Access-Control-Allow-Headers:
      - Authorization, Origin, X-Requested-With, Content-Type, Accept, X-Filter
      Access-Control-Allow-Methods:
      - HEAD, GET, OPTIONS, POST, PUT, DELETE
      Access-Control-Allow-Origin:
      - '*'
      Access-Control-Expose-Headers:
      - X-OAuth-Scopes, X-Accepted-OAuth-Scopes, X-Status
      Cache-Control:
      - private, max-age=0, s-maxage=0, no-cache, no-store
      - private, max-age=60, s-maxage=60
      Connection:
      - keep-alive
      Content-Length:
      - "191"
      Content-Security-Policy:
      - default-src 'none'
      Content-Type:
      - application/json
      Date:
      - Fri, 05 Oct 2018 21:30:48 GMT
      Retry-After:
      - "119"
      Server:
      - nginx
      Strict-Transport-Security:
      - max-age=31536000
      Vary:
      - Authorization, X-Filter
      - Authorization, X-Filter
      X-Accepted-Oauth-Scopes:
      - account:read_only
      X-Content-Type-Options:
      - nosniff
      - nosniff
      X-Frame-Options:
      - DENY
      - DENY
      X-Oauth-Scopes:
      - linodes:delete,domains:delete,nodebalancers:delete,images:delete,stackscripts:delete,longview:delete,events:delete,tokens:delete,clients:delete,account:delete,users:delete,tickets:delete
      X-Ratelimit-Limit:
      - "400"
      X-Ratelimit-Remaining:
      - "399"
      X-Ratelimit-Reset:
      - "1538775168"
      X-Spec-Version:
      - 4.0.6
      X-Xss-Protection:
      - 1; mode=block
    status: 200 OK
    code: 200
    duration: ""
- request:
    body: ""
    form: {}
    headers:
      Accept:
      - application/json
      Authorization:
      - Bearer awesometokenawesometokenawesometoken
      Content-Type:
      - application/json
      User-Agent:
      - linodego 0.5.1 https://github.com/linode/linodego
    url: https://api.linode.com/v4/tags/linodego-test
    method: GET
  response:
    body: '{"page": 1, "results": 1, "pages": 1, "data": [{"data": {"region": "us-west",
      "created": "2018-01-02T03:04:05", "type": "g6-nanode-1", "label": "linodego-test-instance",
      "ipv4": ["010.020.030.040"], "hypervisor": "kvm", "image": null, "updated": "2018-01-02T03:04:05",
      "ipv6": "1234::5678/64", "status": "offline", "watchdog_enabled":
      true, "id": 10697741, "backups": {"enabled": false, "schedule": {"day": null,
      "window": null}}, "tags": ["linodego-test", "linodego-test-bar"], "group": "",
      "specs": {"disk": 25600, "memory": 1024, "transfer": 1000, "vcpus": 1}, "alerts":
      {"cpu": 90, "network_in": 10, "transfer_quota": 80, "io": 10000, "network_out":
      10}}, "type": "linode"}]}'
    headers:
      Access-Control-Allow-Credentials:
      - "true"
      Access-Control-Allow-Headers:
      - Authorization, Origin, X-Requested-With, Content-Type, Accept, X-Filter
      Access-Control-Allow-Methods:
      - HEAD, GET, OPTIONS, POST, PUT, DELETE
      Access-Control-Allow-Origin:
      - '*'
      Access-Control-Expose-Headers:
      - X-OAuth-Scopes, X-Accepted-OAuth-Scopes, X-Status
      Cache-Control:
      - private, max-age=0, s-maxage=0, no-cache, no-store
      - private, max-age=60, s-maxage=60
      Connection:
      - keep-alive
      Content-Length:
      - "696"
      Content-Security-Policy:
      - default-src 'none'
      Content-Type:
      - application/json
      Date:
      - Fri, 05 Oct 2018 21:30:48 GMT
      Retry-After:
      - "119"
      Server:
      - nginx
      Strict-Transport-Security:
      - max-age=31536000
      Vary:
      - Authorization, X-Filter
      - Authorization, X-Filter
      X-Accepted-Oauth-Scopes:
      - account:read_only
      X-Content-Type-Options:
      - nosniff
      - nosniff
      X-Frame-Options:
      - DENY
      - DENY
      X-Oauth-Scopes:
      - linodes:delete,domains:delete,nodebalancers:delete,images:delete,stackscripts:delete,longview:delete,events:delete,tokens:delete,clients:delete,account:delete,users:delete,tickets:delete
      X-Ratelimit-Limit:
      - "400"
      X-Ratelimit-Remaining:
      - "399"
      X-Ratelimit-Reset:
      - "1538775168"
      X-Spec-Version:
      - 4.0.6
      X-Xss-Protection:
      - 1; mode=block
    status: 200 OK
    code: 200
    duration: ""
- request:
    body: ""
    form: {}
    headers:
      Accept:
      - application/json
      Authorization:
      - Bearer awesometokenawesometokenawesometoken
      Content-Type:
      - application/json
      User-Agent:
      - linodego 0.5.1 https://github.com/linode/linodego
    url: https://api.linode.com/v4/tags/linodego-test
    method: DELETE
  response:
    body: '{}'
    headers:
      Access-Control-Allow-Credentials:
      - "true"
      Access-Control-Allow-Headers:
      - Authorization, Origin, X-Requested-With, Content-Type, Accept, X-Filter
      Access-Control-Allow-Methods:
      - HEAD, GET, OPTIONS, POST, PUT, DELETE
      Access-Control-Allow-Origin:
      - '*'
      Access-Control-Expose-Headers:
      - X-OAuth-Scopes, X-Accepted-OAuth-Scopes, X-Status
      Cache-Control:
      - private, max-age=60, s-maxage=60
      Connection:
      - keep-alive
      Content-Length:
      - "2"
      Content-Security-Policy:
      - default-src 'none'
      Content-Type:
      - application/json
      Date:
      - Fri, 05 Oct 2018 21:30:49 GMT
      Retry-After:
      - "118"
      Server:
      - nginx
      Strict-Transport-Security:
      - max-age=31536000
      Vary:
      - Authorization, X-Filter
      X-Accepted-Oauth-Scopes:
      - account:read_write
      X-Content-Type-Options:
      - nosniff
      - nosniff
      X-Frame-Options:
      - DENY
      - DENY
      X-Oauth-Scopes:
      - linodes:delete,domains:delete,nodebalancers:delete,images:delete,stackscripts:delete,longview:delete,events:delete,tokens:delete,clients:delete,account:delete,users:delete,tickets:delete
      X-Ratelimit-Limit:
      - "400"
      X-Ratelimit-Remaining:
      - "399"
      X-Ratelimit-Reset:
      - "1538775168"
      X-Spec-Version:
      - 4.0.6
      X-Xss-Protection:
      - 1; mode=block
    status: 200 OK
    code: 200
    duration: ""
- request:
    body: ""
    form: {}
    headers:
      Accept:
      - application/json
      Authorization:
      - Bearer awesometokenawesometokenawesometoken
      Content-Type:
      - application/json
      User-Agent:
      - linodego 0.5.1 https://github.com/linode/linodego
    url: https://api.linode.com/v4/tags/linodego-test-foo
    method: DELETE
  response:
    body: '{}'
    headers:
      Access-Control-Allow-Credentials:
      - "true"
      Access-Control-Allow-Headers:
      - Authorization, Origin, X-Requested-With, Content-Type, Accept, X-Filter
      Access-Control-Allow-Methods:
      - HEAD, GET, OPTIONS, POST, PUT, DELETE
      Access-Control-Allow-Origin:
      - '*'
      Access-Control-Expose-Headers:
      - X-OAuth-Scopes, X-Accepted-OAuth-Scopes, X-Status
      Cache-Control:
      - private, max-age=60, s-maxage=60
      Connection:
      - keep-alive
      Content-Length:
      - "2"
      Content-Security-Policy:
      - default-src 'none'
      Content-Type:
      - application/json
      Date:
      - Fri, 05 Oct 2018 21:30:49 GMT
      Retry-After:
      - "116"
      Server:
      - nginx
      Strict-Transport-Security:
      - max-age=31536000
      Vary:
      - Authorization, X-Filter
      X-Accepted-Oauth-Scopes:
      - account:read_write
      X-Content-Type-Options:
      - nosniff
      - nosniff
      X-Frame-Options:
      - DENY
      - DENY
      X-Oauth-Scopes:
      - linodes:delete,domains:delete,nodebalancers:delete,images:delete,stackscripts:delete,longview:delete,events:delete,tokens:delete,clients:delete,account:delete,users:delete,tickets:delete
      X-Ratelimit-Limit:
      - "400"
      X-Ratelimit-Remaining:
      - "398"
      X-Ratelimit-Reset:
      - "1538775166"
      X-Spec-Version:
      - 4.0.6
      X-Xss-Protection:
      - 1; mode=block
    status: 200 OK
    code: 200
    duration: ""
- request:
    body: ""
    form: {}
    headers:
      Accept:
      - application/json
      Authorization:
      - Bearer awesometokenawesometokenawesometoken
      Content-Type:
      - application/json
      User-Agent:
      - linodego 0.5.1 https://github.com/linode/linodego
    url: https://api.linode.com/v4/tags/linodego-test-bar
    method: DELETE
  response:
    body: '{}'
    headers:
      Access-Control-Allow-Credentials:
      - "true"
      Access-Control-Allow-Headers:
      - Authorization, Origin, X-Requested-With, Content-Type, Accept, X-Filter
      Access-Control-Allow-Methods:
      - HEAD, GET, OPTIONS, POST, PUT, DELETE
      Access-Control-Allow-Origin:
      - '*'
      Access-Control-Expose-Headers:
      - X-OAuth-Scopes, X-Accepted-OAuth-Scopes, X-Status
      Cache-Control:
      - private, max-age=60, s-maxage=60
      Connection:
      - keep-alive
      Content-Length:
      - "2"
      Content-Security-Policy:
      - default-src 'none'
      Content-Type:
      - application/json
      Date:
      - Fri, 05 Oct 2018 21:30:49 GMT
      Retry-After:
      - "112"
      Server:
      - nginx
      Strict-Transport-Security:
      - max-age=31536000
      Vary:
      - Authorization, X-Filter
      X-Accepted-Oauth-Scopes:
      - account:read_write
      X-Content-Type-Options:
      - nosniff
      - nosniff
      X-Frame-Options:
      - DENY
      - DENY
      X-Oauth-Scopes:
      - linodes:delete,domains:delete,nodebalancers:delete,images:delete,stackscripts:delete,longview:delete,events:delete,tokens:delete,clients:delete,account:delete,users:delete,tickets:delete
      X-Ratelimit-Limit:
      - "400"
      X-Ratelimit-Remaining:
      - "398"
      X-Ratelimit-Reset:
      - "1538775162"
      X-Spec-Version:
      - 4.0.6
      X-Xss-Protection:
      - 1; mode=block
    status: 200 OK
    code: 200
    duration: ""
- request:
    body: ""
    form: {}
    headers:
      Accept:
      - application/json
      Authorization:
      - Bearer awesometokenawesometokenawesometoken
      Content-Type:
      - application/json
      User-Agent:
      - linodego 0.5.1 https://github.com/linode/linodego
    url: https://api.linode.com/v4/linode/instances/10697741
    method: DELETE
  response:
    body: '{}'
    headers:
      Access-Control-Allow-Credentials:
      - "true"
      Access-Control-Allow-Headers:
      - Authorization, Origin, X-Requested-With, Content-Type, Accept, X-Filter
      Access-Control-Allow-Methods:
      - HEAD, GET, OPTIONS, POST, PUT, DELETE
      Access-Control-Allow-Origin:
      - '*'
      Access-Control-Expose-Headers:
      - X-OAuth-Scopes, X-Accepted-OAuth-Scopes, X-Status
      Cache-Control:
      - private, max-age=60, s-maxage=60
      Connection:
      - keep-alive
      Content-Length:
      - "2"
      Content-Security-Policy:
      - default-src 'none'
      Content-Type:
      - application/json
      Date:
      - Fri, 05 Oct 2018 21:30:49 GMT
      Retry-After:
      - "118"
      Server:
      - nginx
      Strict-Transport-Security:
      - max-age=31536000
      Vary:
      - Authorization, X-Filter
      X-Accepted-Oauth-Scopes:
      - linodes:read_write
      X-Content-Type-Options:
      - nosniff
      - nosniff
      X-Frame-Options:
      - DENY
      - DENY
      X-Oauth-Scopes:
      - linodes:delete,domains:delete,nodebalancers:delete,images:delete,stackscripts:delete,longview:delete,events:delete,tokens:delete,clients:delete,account:delete,users:delete,tickets:delete
      X-Ratelimit-Limit:
      - "400"
      X-Ratelimit-Remaining:
      - "398"
      X-Ratelimit-Reset:
      - "1538775168"
      X-Spec-Version:
      - 4.0.6
      X-Xss-Protection:
      - 1; mode=block
    status: 200 OK
    code: 200
    duration: ""
